{
  "comments": [
    {
      "unresolved": false,
      "key": {
        "uuid": "49e32142_0cd853f3",
        "filename": "/PATCHSET_LEVEL",
        "patchSetId": 1
      },
      "lineNbr": 0,
      "author": {
        "id": 1000000
      },
      "writtenOn": "2024-10-10T15:33:50Z",
      "side": 1,
      "message": "Just for the sake of completeness, this is the failing attempt:\n \n[nix-shell:impure] jkt@chobotnice ~/work/prog/_build/_br-cfb $ ./host/bin/kwboot -b images/u-boot-spl.kwb -t -p /dev/ttyUSB0\nSending boot message. Please reboot the target...-\nSending boot image...\n  0 % [......................................................................]\n...\n 26 % [...................\nU-Boot SPL 2021.01-900-gad3256797d (Jan 01 1980 - 00:00:00 +0000)\nHigh speed PHY - Version: 2.0\nEEPROM TLV detection failed: Using static config for Clearfog Base.\nDetected Device ID 6828\nboard SerDes lanes topology details:\n | Lane # | Speed |  Type       |\n --------------------------------\n |   0    |   3   | SATA0       |\n |   1    |   0   | SGMII1      |\n |   2    |   5   | PCIe1       |\n |   3    |   5   | USB3 HOST1  |\n |   4    |   5   | USB3 HOST0  |\n |   5    |   0   | SGMII2      |\n --------------------------------\nPCIe, Idx 1: detected no link\nHigh speed PHY - Ended Successfully\nmv_ddr: mv_ddr-armada-18.09.2 \nDDR3 Training Sequence - Switching XBAR Window to FastPath Window\nmv_ddr: completed successfully\n...................................................]\n 99 % [.......]\n[Type Ctrl-\\ + c to quit]\n \n \nU-Boot 2021.01-900-gad3256797d (Jan 01 1980 - 00:00:00 +0000)\n \nSoC:   MV88F6828-A0 at 1600 MHz\nDRAM:  1 GiB (800 MHz, 32-bit, ECC not enabled)\nWDT:   Started with servicing (120s timeout)\nMMC:   mv_sdh: 0\nLoading Environment from MMC... OK\nModel: SolidRun Clearfog A1\nBoard: SolidRun Clearfog Base\nNet:   eth1: ethernet@70000, eth2: ethernet@30000, eth3: ethernet@34000\nHit any key to stop autoboot:  0 \n\u003d\u003e usb start; fatload usb 0:1 00800000 boot.scr; source 00800000\nstarting USB...\nBus usb3@f8000: MVEBU XHCI INIT controller @ 0xf10fc000\nRegister 2000120 NbrPorts 2\nStarting the controller\nUSB XHCI 1.00\nscanning bus usb3@f8000 for devices... 2 USB Device(s) found\n       scanning usb for storage devices... 1 Storage Device(s) found\n320 bytes read in 1 ms (312.5 KiB/s)\n## Executing script at 00800000\n6122624 bytes read in 275 ms (21.2 MiB/s)\n20486 bytes read in 3 ms (6.5 MiB/s)\n151437231 bytes read in 6759 ms (21.4 MiB/s)\n## Loading init Ramdisk from Legacy Image at 01800000 ...\n   Image Name:   \n   Image Type:   ARM Linux RAMDisk Image (uncompressed)\n   Data Size:    151437167 Bytes \u003d 144.4 MiB\n   Load Address: 00000000\n   Entry Point:  00000000\n   Verifying Checksum ... OK\n## Flattened Device Tree blob at 00100000\n   Booting using the fdt blob at 0x100000\n   Loading Ramdisk to 06f94000, end 0fffff6f ... OK\n   Loading Device Tree to 06f8b000, end 06f93005 ... OK\n \nStarting kernel ...\n \n[    0.000000] Booting Linux on physical CPU 0x0\n[    0.000000] Linux version 6.6.54-10-g79692ad15f4e1 (jkt@chobotnice) (arm-linux-gcc.br_real (Buildroot 2021.11-11272-ge2962af) 13.2.0, GNU ld (GNU Binutils) 2.42) #1 SMP Wed Oct  9 12:10:16 UTC 2024\n[    0.000000] CPU: ARMv7 Processor [414fc091] revision 1 (ARMv7), cr\u003d10c5387d\n[    0.000000] CPU: PIPT / VIPT nonaliasing data cache, VIPT aliasing instruction cache\n[    0.000000] OF: fdt: Machine model: SolidRun Clearfog Base A1\n[    0.000000] Memory policy: Data cache writealloc\n[    0.000000] Zone ranges:\n[    0.000000]   Normal   [mem 0x0000000000000000-0x000000002fffffff]\n[    0.000000]   HighMem  [mem 0x0000000030000000-0x000000003fffffff]\n[    0.000000] Movable zone start for each node\n[    0.000000] Early memory node ranges\n[    0.000000]   node   0: [mem 0x0000000000000000-0x000000003fffffff]\n[    0.000000] Initmem setup node 0 [mem 0x0000000000000000-0x000000003fffffff]\n[    0.000000] percpu: Embedded 15 pages/cpu s40148 r0 d21292 u61440\n[    0.000000] Kernel command line: systemd.unit\u003dusb-flash.service\n[    0.000000] Dentry cache hash table entries: 131072 (order: 7, 524288 bytes, linear)\n[    0.000000] Inode-cache hash table entries: 65536 (order: 6, 262144 bytes, linear)\n[    0.000000] Built 1 zonelists, mobility grouping on.  Total pages: 260608\n[    0.000000] mem auto-init: stack:all(zero), heap alloc:off, heap free:off\n[    0.000000] Memory: 875340K/1048576K available (10240K kernel code, 1384K rwdata, 1944K rodata, 1024K init, 418K bss, 173236K reserved, 0K cma-reserved, 262144K highmem)\n[    0.000000] SLUB: HWalign\u003d64, Order\u003d0-3, MinObjects\u003d0, CPUs\u003d2, Nodes\u003d1\n[    0.000000] trace event string verifier disabled\n[    0.000000] rcu: Hierarchical RCU implementation.\n[    0.000000] rcu:     RCU event tracing is enabled.\n[    0.000000]  Tracing variant of Tasks RCU enabled.\n[    0.000000] rcu: RCU calculated value of scheduler-enlistment delay is 10 jiffies.\n[    0.000000] NR_IRQS: 16, nr_irqs: 16, preallocated irqs: 16\n[    0.000000] L2C: DT/platform modifies aux control register: 0x06070000 -\u003e 0x16070000\n[    0.000000] L2C-310 enabling early BRESP for Cortex-A9\n[    0.000000] L2C-310 full line of zeros enabled for Cortex-A9\n[    0.000000] L2C-310 D prefetch enabled, offset 1 lines\n[    0.000000] L2C-310 dynamic clock gating enabled, standby mode enabled\n[    0.000000] L2C-310 Coherent cache controller enabled, 16 ways, 1024 kB\n[    0.000000] L2C-310 Coherent: CACHE_ID 0x410054c9, AUX_CTRL 0x56070001\n[    0.000000] rcu: srcu_init: Setting srcu_struct sizes based on contention.\n[    0.000001] sched_clock: 64 bits at 800MHz, resolution 1ns, wraps every 4398046511103ns\n[    0.000015] clocksource: arm_global_timer: mask: 0xffffffffffffffff max_cycles: 0xb881274fa3, max_idle_ns: 440795210636 ns\n[    0.000029] Switching to timer-based delay loop, resolution 1ns\n[    0.000172] Ignoring duplicate/late registration of read_current_timer delay\n[    0.000176] clocksource: armada_370_xp_clocksource: mask: 0xffffffff max_cycles: 0xffffffff, max_idle_ns: 76450417870 ns\n[    0.000374] Console: colour dummy device 80x30\n[    0.000381] printk: console [tty0] enabled\n[    0.000603] Calibrating delay loop (skipped), value calculated using timer frequency.. 1600.00 BogoMIPS (lpj\u003d8000000)\n[    0.000620] CPU: Testing write buffer coherency: ok\n[    0.000640] CPU0: Spectre v2: using BPIALL workaround\n[    0.000648] pid_max: default: 32768 minimum: 301\n[    0.000723] Mount-cache hash table entries: 2048 (order: 1, 8192 bytes, linear)\n[    0.000738] Mountpoint-cache hash table entries: 2048 (order: 1, 8192 bytes, linear)\n[    0.001114] CPU0: thread -1, cpu 0, socket 0, mpidr 80000000\n[    0.001555] RCU Tasks Trace: Setting shift to 1 and lim to 1 rcu_task_cb_adjust\u003d1.\n[    0.001629] Setting up static identity map for 0x100000 - 0x100060\n[    0.001718] mvebu-soc-id: MVEBU SoC ID\u003d0x6828, Rev\u003d0x4\n[    0.001810] mvebu-pmsu: Initializing Power Management Service Unit\n[    0.001897] rcu: Hierarchical SRCU implementation.\n[    0.001907] rcu:     Max phase no-delay instances is 1000.\n[    0.002097] smp: Bringing up secondary CPUs ...\n[    0.002335] Booting CPU 1\n[    0.002484] CPU1: thread -1, cpu 1, socket 0, mpidr 80000001\n[    0.002491] CPU1: Spectre v2: using BPIALL workaround\n[    0.002568] smp: Brought up 1 node, 2 CPUs\n[    0.002580] SMP: Total of 2 processors activated (3200.00 BogoMIPS).\n[    0.002589] CPU: All CPU(s) started in SVC mode.\n[    0.002993] devtmpfs: initialized\n[    0.004862] VFP support v0.3: implementor 41 architecture 3 part 30 variant 9 rev 4\n[    0.004954] clocksource: jiffies: mask: 0xffffffff max_cycles: 0xffffffff, max_idle_ns: 19112604462750000 ns\n[    0.004972] futex hash table entries: 512 (order: 3, 32768 bytes, linear)\n[    0.005053] pinctrl core: initialized pinctrl subsystem\n[    0.005578] NET: Registered PF_NETLINK/PF_ROUTE protocol family\n[    0.006069] DMA: preallocated 256 KiB pool for atomic coherent allocations\n[    0.006417] audit: initializing netlink subsys (disabled)\n[    0.006568] audit: type\u003d2000 audit(0.000:1): state\u003dinitialized audit_enabled\u003d0 res\u003d1\n[    0.006740] thermal_sys: Registered thermal governor \u0027step_wise\u0027\n[    0.006867] cpuidle: using governor ladder\n[    0.006934] hw-breakpoint: found 5 (+1 reserved) breakpoint and 1 watchpoint registers.\n[    0.006948] hw-breakpoint: maximum watchpoint size is 4 bytes.\n[    0.007071] mvebu-pmsu: CPU hotplug support is currently broken on Armada 38x: disabling\n[    0.007085] mvebu-pmsu: CPU idle is currently broken on Armada 38x: disabling\n[    0.009078] platform soc: Fixed dependency cycle(s) with /soc/internal-regs/interrupt-controller@d000\n[    0.020817] SCSI subsystem initialized\n[    0.021041] usbcore: registered new interface driver usbfs\n[    0.021064] usbcore: registered new interface driver hub\n[    0.021086] usbcore: registered new device driver usb\n[    0.021207] pps_core: LinuxPPS API ver. 1 registered\n[    0.021216] pps_core: Software ver. 5.3.6 - Copyright 2005-2007 Rodolfo Giometti \u003cgiometti@linux.it\u003e\n[    0.021233] PTP clock support registered\n[    0.021832] vgaarb: loaded\n[    0.022043] clocksource: Switched to clocksource arm_global_timer\n[    0.031574] NET: Registered PF_INET protocol family\n[    0.031706] IP idents hash table entries: 16384 (order: 5, 131072 bytes, linear)\n[    0.032575] tcp_listen_portaddr_hash hash table entries: 512 (order: 0, 4096 bytes, linear)\n[    0.032601] Table-perturb hash table entries: 65536 (order: 6, 262144 bytes, linear)\n[    0.032618] TCP established hash table entries: 8192 (order: 3, 32768 bytes, linear)\n[    0.032663] TCP bind hash table entries: 8192 (order: 5, 131072 bytes, linear)\n[    0.032785] TCP: Hash tables configured (established 8192 bind 8192)\n[    0.032844] UDP hash table entries: 512 (order: 2, 16384 bytes, linear)\n[    0.032881] UDP-Lite hash table entries: 512 (order: 2, 16384 bytes, linear)\n[    0.032982] NET: Registered PF_UNIX/PF_LOCAL protocol family\n[    0.033014] PCI: CLS 0 bytes, default 64\n[    0.033249] hw perfevents: enabled with armv7_cortex_a9 PMU driver, 7 counters available\n[    0.033556] Unpacking initramfs...\n[    0.034077] workingset: timestamp_bits\u003d30 max_order\u003d18 bucket_order\u003d0\n[    0.034263] squashfs: version 4.0 (2009/01/31) Phillip Lougher\n[    0.103797] NET: Registered PF_ALG protocol family\n[    0.103891] bounce: pool size: 64 pages\n[    0.103934] Block layer SCSI generic (bsg) driver version 0.4 loaded (major 248)\n[    0.103948] io scheduler mq-deadline registered\n[    0.103956] io scheduler kyber registered\n[    0.103978] io scheduler bfq registered\n[    0.113601] armada-38x-pinctrl f1018000.pinctrl: registered pinctrl driver\n[    0.114204] gpio gpiochip0: Static allocation of GPIO base is deprecated, use dynamic allocation.\n[    0.114419] debugfs: Directory \u0027f1018100.gpio\u0027 with parent \u0027regmap\u0027 already present!\n[    0.114705] gpio gpiochip1: Static allocation of GPIO base is deprecated, use dynamic allocation.\n[    0.114850] debugfs: Directory \u0027f1018140.gpio\u0027 with parent \u0027regmap\u0027 already present!\n[    0.115159] mvebu-pcie soc:pcie: host bridge /soc/pcie ranges:\n[    0.115192] mvebu-pcie soc:pcie:      MEM 0x00f1080000..0x00f1081fff -\u003e 0x0000080000\n[    0.115215] mvebu-pcie soc:pcie:      MEM 0x00f1040000..0x00f1041fff -\u003e 0x0000040000\n[    0.115234] mvebu-pcie soc:pcie:      MEM 0x00f1044000..0x00f1045fff -\u003e 0x0000044000\n[    0.115252] mvebu-pcie soc:pcie:      MEM 0x00f1048000..0x00f1049fff -\u003e 0x0000048000\n[    0.115271] mvebu-pcie soc:pcie:      MEM 0xffffffffffffffff..0x00fffffffe -\u003e 0x0100000000\n[    0.115290] mvebu-pcie soc:pcie:       IO 0xffffffffffffffff..0x00fffffffe -\u003e 0x0100000000\n[    0.115308] mvebu-pcie soc:pcie:      MEM 0xffffffffffffffff..0x00fffffffe -\u003e 0x0200000000\n[    0.115326] mvebu-pcie soc:pcie:       IO 0xffffffffffffffff..0x00fffffffe -\u003e 0x0200000000\n[    0.115344] mvebu-pcie soc:pcie:      MEM 0xffffffffffffffff..0x00fffffffe -\u003e 0x0300000000\n[    0.115362] mvebu-pcie soc:pcie:       IO 0xffffffffffffffff..0x00fffffffe -\u003e 0x0300000000\n[    0.115380] mvebu-pcie soc:pcie:      MEM 0xffffffffffffffff..0x00fffffffe -\u003e 0x0400000000\n[    0.115395] mvebu-pcie soc:pcie:       IO 0xffffffffffffffff..0x00fffffffe -\u003e 0x0400000000\n[    0.115689] mv_xor f1060800.xor: Marvell shared XOR driver\n[    0.182721] mv_xor f1060800.xor: Marvell XOR (Descriptor Mode): ( xor cpy intr )\n[    0.182978] mv_xor f1060900.xor: Marvell shared XOR driver\n[    0.242722] mv_xor f1060900.xor: Marvell XOR (Descriptor Mode): ( xor cpy intr )\n[    0.266444] Serial: 8250/16550 driver, 4 ports, IRQ sharing disabled\n[    0.287814] f1012000.serial: ttyS0 at MMIO 0xf1012000 (irq \u003d 40, base_baud \u003d 15625000) is a 16550A\n[    0.287876] printk: console [ttyS0] enabled\n\n(tbc)",
      "revId": "2a92c5289401e9e6bb90ea91369f0737b775526b",
      "serverId": "e32f8df8-3db0-4f76-a6c6-fe9d6e69dd68"
    },
    {
      "unresolved": false,
      "key": {
        "uuid": "38541114_b4fe69f7",
        "filename": "/PATCHSET_LEVEL",
        "patchSetId": 1
      },
      "lineNbr": 0,
      "author": {
        "id": 1000000
      },
      "writtenOn": "2024-10-10T15:34:11Z",
      "side": 1,
      "message": "Comment removed by: Jan Kundr√°t; Reason: (meant as a reply)",
      "revId": "2a92c5289401e9e6bb90ea91369f0737b775526b",
      "serverId": "e32f8df8-3db0-4f76-a6c6-fe9d6e69dd68"
    },
    {
      "unresolved": false,
      "key": {
        "uuid": "5924af01_3c56f319",
        "filename": "/PATCHSET_LEVEL",
        "patchSetId": 1
      },
      "lineNbr": 0,
      "author": {
        "id": 1000000
      },
      "writtenOn": "2024-10-10T15:35:24Z",
      "side": 1,
      "message": "[    1.171000] f1012100.serial: ttyS1 at MMIO 0xf1012100 (irq \u003d 41, base_baud \u003d 15625000) is a 16550A\n[    1.183708] loop: module loaded\n[    1.187112] ahci-mvebu f10a8000.sata: supply ahci not found, using dummy regulator\n[    1.194884] ahci-mvebu f10a8000.sata: supply phy not found, using dummy regulator\n[    1.202478] ahci-mvebu f10a8000.sata: supply target not found, using dummy regulator\n[    1.210417] ahci-mvebu f10a8000.sata: AHCI 0001.0000 32 slots 2 ports 6 Gbps 0x3 impl platform mode\n[    1.219539] ahci-mvebu f10a8000.sata: flags: 64bit ncq sntf led only pmp fbs pio slum part sxs \n[    1.228965] scsi host0: ahci-mvebu\n[    1.232799] scsi host1: ahci-mvebu\n[    1.236372] ata1: SATA max UDMA/133 mmio [mem 0xf10a8000-0xf10a9fff] port 0x100 irq 42\n[    1.244368] ata2: SATA max UDMA/133 mmio [mem 0xf10a8000-0xf10a9fff] port 0x180 irq 42\n[    1.252475] ahci-mvebu f10e0000.sata: supply ahci not found, using dummy regulator\n[    1.260184] ahci-mvebu f10e0000.sata: supply phy not found, using dummy regulator\n[    1.267797] ahci-mvebu f10e0000.sata: supply target not found, using dummy regulator\n[    1.275762] ahci-mvebu f10e0000.sata: AHCI 0001.0000 32 slots 2 ports 6 Gbps 0x3 impl platform mode\n[    1.284876] ahci-mvebu f10e0000.sata: flags: 64bit ncq sntf led only pmp fbs pio slum part sxs \n[    1.294269] scsi host2: ahci-mvebu\n[    1.298100] scsi host3: ahci-mvebu\n[    1.301676] ata3: SATA max UDMA/133 mmio [mem 0xf10e0000-0xf10e1fff] port 0x100 irq 43\n[    1.309695] ata4: SATA max UDMA/133 mmio [mem 0xf10e0000-0xf10e1fff] port 0x180 irq 43\n[    1.318998] spi-nor spi1.0: w25q32 (4096 Kbytes)\n[    1.325268] igb: Intel(R) Gigabit Ethernet Network Driver\n[    1.330711] igb: Copyright (c) 2007-2014 Intel Corporation.\n[    1.337081] hwmon hwmon0: temp1_input not attached to any thermal zone\n[    1.344381] hwmon hwmon1: temp1_input not attached to any thermal zone\n[    1.351577] mvneta_bm f10c8000.bm: Buffer Manager for network controller enabled\n[    1.360830] mvneta f1070000.ethernet eth0: Using device tree mac address 00:11:17:01:00:19\n[    1.370524] mvneta f1030000.ethernet eth1: Using device tree mac address 00:11:17:01:00:1a\n[    1.380199] mvneta f1034000.ethernet eth2: Using device tree mac address 00:11:17:01:00:1b\n[    1.388856] orion-ehci f1058000.usb: EHCI Host Controller\n[    1.394336] orion-ehci f1058000.usb: new USB bus registered, assigned bus number 1\n[    1.401998] orion-ehci f1058000.usb: irq 47, io mem 0xf1058000\n[    1.442091] orion-ehci f1058000.usb: USB 2.0 started, EHCI 1.00\n[    1.448529] hub 1-0:1.0: USB hub found\n[    1.452351] hub 1-0:1.0: 1 port detected\n[    1.456884] xhci-hcd f10f8000.usb3: xHCI Host Controller\n[    1.462273] xhci-hcd f10f8000.usb3: new USB bus registered, assigned bus number 2\n[    1.469859] xhci-hcd f10f8000.usb3: hcc params 0x0a000990 hci version 0x100 quirks 0x0000000000000010\n[    1.479184] xhci-hcd f10f8000.usb3: irq 48, io mem 0xf10f8000\n[    1.485082] xhci-hcd f10f8000.usb3: xHCI Host Controller\n[    1.490438] xhci-hcd f10f8000.usb3: new USB bus registered, assigned bus number 3\n[    1.498882] xhci-hcd f10f8000.usb3: Host supports USB 3.0 SuperSpeed\n[    1.505790] hub 2-0:1.0: USB hub found\n[    1.509619] hub 2-0:1.0: 1 port detected\n[    1.513891] usb usb3: We don\u0027t know the algorithms for LPM for this host, disabling LPM.\n[    1.522477] hub 3-0:1.0: USB hub found\n[    1.526289] hub 3-0:1.0: 1 port detected\n[    1.530575] usbcore: registered new interface driver usb-storage\n[    1.536725] usbcore: registered new interface driver ftdi_sio\n[    1.542545] usbserial: USB Serial support registered for FTDI USB Serial Device\n[    1.550718] armada38x-rtc f10a3800.rtc: registered as rtc0\n[    1.556365] armada38x-rtc f10a3800.rtc: setting system clock to 2024-10-10T14:24:03 UTC (1728570243)\n[    1.565786] i2c_dev: i2c /dev entries driver\n[    1.570544] i2c i2c-0: using pinctrl states for GPIO recovery\n[    1.576397] i2c i2c-0: using generic GPIOs for recovery\n[    1.581871] at24 0-0053: supply vcc not found, using dummy regulator\n[    1.614755] pca953x 0-0020: supply vcc not found, using dummy regulator\n[    1.621513] pca953x 0-0020: using no AI\n[    1.625471] ata1: SATA link down (SStatus 0 SControl 300)\n[    1.630995] ata2: SATA link down (SStatus 0 SControl 300)\n[    1.638132] at24 0-0052: supply vcc not found, using dummy regulator\n[    1.675384] i2c i2c-1: using pinctrl states for GPIO recovery\n[    1.681243] i2c i2c-1: using generic GPIOs for recovery\n[    1.687355] ata3: SATA link down (SStatus 0 SControl 300)\n[    1.692859] ata4: SATA link down (SStatus 0 SControl 300)\n[    1.698968] watchdog: watchdog0 running and kernel based pre-userspace handler disabled\n[    1.707051] orion_wdt: Initial timeout 171 sec, nowayout\n[    1.712717] sdhci: Secure Digital Host Controller Interface driver\n[    1.718929] sdhci: Copyright(c) Pierre Ossman\n[    1.723484] sdhci-pltfm: SDHCI platform and OF driver helper\n[    1.731224] marvell-cesa f1090000.crypto: CESA device successfully registered\n[    1.738638] usbcore: registered new interface driver usbhid\n[    1.744277] usbhid: USB HID core driver\n[    1.748617] NET: Registered PF_INET6 protocol family\n[    1.754516] Segment Routing with IPv6\n[    1.758241] In-situ OAM (IOAM) with IPv6\n[    1.762316] NET: Registered PF_PACKET protocol family\n[    1.767407] 8021q: 802.1Q VLAN Support v1.8\n[    1.768090] mmc0: SDHCI controller on f10d8000.sdhci [f10d8000.sdhci] using ADMA\n[    1.771648] ThumbEE CPU extension supported.\n[    1.783365] Registering SWP/SWPB emulation handler\n[    1.794945] mvebu-pcie soc:pcie: host bridge /soc/pcie ranges:\n[    1.800856] mvebu-pcie soc:pcie:      MEM 0x00f1080000..0x00f1081fff -\u003e 0x0000080000\n[    1.808698] mvebu-pcie soc:pcie:      MEM 0x00f1040000..0x00f1041fff -\u003e 0x0000040000\n[    1.816514] mvebu-pcie soc:pcie:      MEM 0x00f1044000..0x00f1045fff -\u003e 0x0000044000\n[    1.824325] mvebu-pcie soc:pcie:      MEM 0x00f1048000..0x00f1049fff -\u003e 0x0000048000\n[    1.832121] mvebu-pcie soc:pcie:      MEM 0xffffffffffffffff..0x00fffffffe -\u003e 0x0100000000\n[    1.840429] mvebu-pcie soc:pcie:       IO 0xffffffffffffffff..0x00fffffffe -\u003e 0x0100000000\n[    1.843969] mmc0: new high speed MMC card at address 0001\n[    1.848745] mvebu-pcie soc:pcie:      MEM 0xffffffffffffffff..0x00fffffffe -\u003e 0x0200000000\n[    1.862370] mmcblk0: mmc0:0001 8GME4R 7.28 GiB\n[    1.862458] mvebu-pcie soc:pcie:       IO 0xffffffffffffffff..0x00fffffffe -\u003e 0x0200000000\n[    1.875247] mvebu-pcie soc:pcie:      MEM 0xffffffffffffffff..0x00fffffffe -\u003e 0x0300000000\n[    1.883576] mvebu-pcie soc:pcie:       IO 0xffffffffffffffff..0x00fffffffe -\u003e 0x0300000000\n[    1.891883] mvebu-pcie soc:pcie:      MEM 0xffffffffffffffff..0x00fffffffe -\u003e 0x0400000000\n[    1.900212] mvebu-pcie soc:pcie:       IO 0xffffffffffffffff..0x00fffffffe -\u003e 0x0400000000\n[    1.909131] usb 2-1: new high-speed USB device number 2 using xhci-hcd\n[    1.932927]  mmcblk0: p1 p2 p3 p4\n[    1.937121] mmcblk0boot0: mmc0:0001 8GME4R 4.00 MiB\n[    1.942904] mmcblk0boot1: mmc0:0001 8GME4R 4.00 MiB\n[    1.948603] mmcblk0rpmb: mmc0:0001 8GME4R 512 KiB, chardev (247:0)\n[    2.042345] mvebu-pcie soc:pcie: PCI host bridge to bus 0000:00\n[    2.048313] pci_bus 0000:00: root bus resource [bus 00-ff]\n[    2.053857] pci_bus 0000:00: root bus resource [mem 0xf1080000-0xf1081fff] (bus address [0x00080000-0x00081fff])\n[    2.064098] pci_bus 0000:00: root bus resource [mem 0xf1040000-0xf1041fff] (bus address [0x00040000-0x00041fff])\n[    2.074360] pci_bus 0000:00: root bus resource [mem 0xf1044000-0xf1045fff] (bus address [0x00044000-0x00045fff])\n[    2.084610] pci_bus 0000:00: root bus resource [mem 0xf1048000-0xf1049fff] (bus address [0x00048000-0x00049fff])\n[    2.094842] pci_bus 0000:00: root bus resource [mem 0xe0000000-0xe7ffffff]\n[    2.101747] pci_bus 0000:00: root bus resource [io  0x1000-0xeffff]\n[    2.108188] pci 0000:00:02.0: [11ab:6828] type 01 class 0x060400\n[    2.115168] PCI: bus0: Fast back to back transfers disabled\n[    2.120780] pci 0000:00:02.0: bridge configuration invalid ([bus 00-00]), reconfiguring\n[    2.129009] PCI: bus1: Fast back to back transfers enabled\n[    2.134554] pci_bus 0000:01: busn_res: [bus 01-ff] end is updated to 01\n[    2.141214] pci 0000:00:02.0: PCI bridge to [bus 01]\n[    2.146990] sfp sfp: Host maximum power 2.0W\n[    2.172826] input: gpio-keys as /devices/platform/gpio-keys/input/input0\n[    2.179995] clk: Disabling unused clocks\n[    2.187699] usb-storage 2-1:1.0: USB Mass Storage device detected\n[    2.213001] scsi host4: usb-storage 2-1:1.0\n[    3.282943] scsi 4:0:0:0: Direct-Access     FLASH    Drive AU_USB20   8.07 PQ: 0 ANSI: 2\n[    3.431410] sd 4:0:0:0: [sda] 2053120 512-byte logical blocks: (1.05 GB/1003 MiB)\n[    3.439181] sd 4:0:0:0: [sda] Write Protect is off\n[    3.444221] sd 4:0:0:0: [sda] No Caching mode page found\n[    3.449562] sd 4:0:0:0: [sda] Assuming drive cache: write through\n[    3.457877]  sda: sda1\n[    3.460482] sd 4:0:0:0: [sda] Attached SCSI removable disk\n[    4.439737] Initramfs unpacking failed: write error\n[    4.517106] Freeing initrd memory: 147888K\n[    4.522280] Freeing unused kernel image (initmem) memory: 1024K\n[    4.528428] Run /init as init process\n/init:
[    4.540735] Kernel panic - not syncing: Attempted to kill init! exitcode\u003d0x00007f00\nexec: line 15: /[    4.548977] CPU0: stopping\n[    4.548982] CPU: 0 PID: 0 Comm: swapper/0 Not tainted 6.6.54-10-g79692ad15f4e1 #1\n[    4.548987] Hardware name: Marvell Armada 380/385 (Device Tree)\n[    4.548994]  unwind_backtrace from show_stack+0x10/0x14\n[    4.549010]  show_stack from dump_stack_lvl+0x40/0x4c\n[    4.549021]  dump_stack_lvl from do_handle_IPI+0x18c/0x1c0\n[    4.549030]  do_handle_IPI from ipi_handler+0x18/0x20\n[    4.549037]  ipi_handler from handle_percpu_devid_irq+0x8c/0x1d8\n[    4.549046]  handle_percpu_devid_irq from generic_handle_domain_irq+0x28/0x38\n[    4.549057]  generic_handle_domain_irq from gic_handle_irq+0x74/0x88\n[    4.549067]  gic_handle_irq from generic_handle_arch_irq+0x34/0x44\n[    4.549076]  generic_handle_arch_irq from __irq_svc+0x88/0xb0\n[    4.549083] Exception stack(0xc0f01f28 to 0xc0f01f70)\n[    4.549089] 1f20:                   00008324 00000001 00000000 00000000 c0f09040 c104f6d0\n[    4.549093] 1f40: 00000000 c0f04fb0 00000000 00000000 c0e45a6c 00000000 c104efc8 c0f01f78\n[    4.549097] 1f60: c0a05ed8 c0a069d0 60000013 ffffffff\n[    4.549100]  __irq_svc from default_idle_call+0x1c/0xb0\n[    4.549109]  default_idle_call from do_idle+0x1ac/0x200\n[    4.549123]  do_idle from cpu_startup_entry+0x28/0x2c\n[    4.549136]  cpu_startup_entry from rest_init+0xac/0xb0\n[    4.549148]  rest_init from arch_post_acpi_subsys_init+0x0/0x8\n[    4.672002] ---[ end Kernel panic - not syncing: Attempted to kill init! exitcode\u003d0x00007f00 ]---\n \nBootROM - 1.73\n \nTrying Uart Terminated",
      "parentUuid": "49e32142_0cd853f3",
      "revId": "2a92c5289401e9e6bb90ea91369f0737b775526b",
      "serverId": "e32f8df8-3db0-4f76-a6c6-fe9d6e69dd68"
    }
  ]
}